\BOOKMARK [1][-]{section.1}{\376\377\137\025\212\000}{}% 1
\BOOKMARK [1][-]{section.2}{\376\377\123\237\164\006}{}% 2
\BOOKMARK [2][-]{subsection.2.1}{\376\377\122\250\122\233\133\146\145\271\172\013}{section.2}% 3
\BOOKMARK [2][-]{subsection.2.2}{\376\377\227\136\176\277\140\047\215\037\226\073\176\323\147\204}{section.2}% 4
\BOOKMARK [2][-]{subsection.2.3}{\376\377\120\015\124\150\147\037\122\006\134\224\220\032\124\021\155\367\154\214}{section.2}% 5
\BOOKMARK [2][-]{subsection.2.4}{\376\377\155\367\154\214\124\014\153\145}{section.2}% 6
\BOOKMARK [2][-]{subsection.2.5}{\376\377\155\367\154\214\220\032\117\341}{section.2}% 7
\BOOKMARK [1][-]{section.3}{\376\377\133\236\232\214}{}% 8
\BOOKMARK [2][-]{subsection.3.1}{\376\377\133\236\232\214\116\352\126\150}{section.3}% 9
\BOOKMARK [3][-]{subsubsection.3.1.1}{\376\377\205\041\154\017\165\065\215\357}{subsection.3.1}% 10
\BOOKMARK [3][-]{subsubsection.3.1.2}{\376\377\171\072\154\342\126\150}{subsection.3.1}% 11
\BOOKMARK [3][-]{subsubsection.3.1.3}{\376\377\117\341\123\367\123\321\165\037\126\150}{subsection.3.1}% 12
\BOOKMARK [3][-]{subsubsection.3.1.4}{\376\377\123\357\123\330\165\065\226\073\173\261}{subsection.3.1}% 13
\BOOKMARK [3][-]{subsubsection.3.1.5}{\376\377\122\240\154\325\126\150\060\001\121\317\154\325\126\150\124\214\156\344\154\342\126\150}{subsection.3.1}% 14
\BOOKMARK [2][-]{subsection.3.2}{\376\377\133\236\232\214\153\145\232\244}{section.3}% 15
\BOOKMARK [1][-]{section.4}{\376\377\176\323\147\234\116\016\122\006\147\220\213\250\213\272}{}% 16
\BOOKMARK [2][-]{subsection.4.1}{\376\377\227\136\176\277\140\047\215\037\226\073\166\204\000I\000-\000U\146\362\176\277}{section.4}% 17
\BOOKMARK [2][-]{subsection.4.2}{\376\377\165\065\226\073\133\371\165\065\215\357\162\266\140\001\166\204\137\161\124\315}{section.4}% 18
\BOOKMARK [2][-]{subsection.4.3}{\376\377\215\071\150\071\234\215\131\306\136\070\145\160\166\204\155\113\221\317}{section.4}% 19
\BOOKMARK [2][-]{subsection.4.4}{\376\377\155\367\154\214\124\014\153\145}{section.4}% 20
\BOOKMARK [2][-]{subsection.4.5}{\376\377\155\367\154\214\220\032\117\341}{section.4}% 21
\BOOKMARK [1][-]{section.5}{\376\377\140\073\176\323}{}% 22
