\BOOKMARK [1][-]{section.1}{\376\377\137\025\212\000}{}% 1
\BOOKMARK [2][-]{subsection.1.1}{\376\377\133\236\232\214\200\314\146\157\116\016\123\321\134\125\123\206\172\013}{section.1}% 2
\BOOKMARK [2][-]{subsection.1.2}{\376\377\136\224\165\050\122\115\146\157\116\016\133\236\232\214\166\356\166\204}{section.1}% 3
\BOOKMARK [1][-]{section.2}{\376\377\123\237\164\006}{}% 4
\BOOKMARK [2][-]{subsection.2.1}{\376\377\215\205\133\374\117\123\166\204\116\044\131\047\127\372\147\054\162\171\140\047}{section.2}% 5
\BOOKMARK [3][-]{subsubsection.2.1.1}{\376\377\133\214\121\150\133\374\165\065\140\047\377\010\000Z\000e\000r\000o\000\040\000R\000e\000s\000i\000s\000t\000a\000n\000c\000e\377\011}{subsection.2.1}% 6
\BOOKMARK [3][-]{subsubsection.2.1.2}{\376\377\133\214\121\150\142\227\170\301\140\047\377\010\000M\000e\000i\000s\000s\000n\000e\000r\000\040\000E\000f\000f\000e\000c\000t\377\011}{subsection.2.1}% 7
\BOOKMARK [2][-]{subsection.2.2}{\376\377\116\064\165\114\123\302\145\160\377\032\116\064\165\114\156\051\136\246\000\040\000\050\000T\000c\000\051\000\040\116\016\116\064\165\114\170\301\127\072\000\040\000\050\000H\000c\000\051}{section.2}% 8
\BOOKMARK [2][-]{subsection.2.3}{\376\377\173\054\116\000\174\173\124\214\173\054\116\214\174\173\215\205\133\374\117\123}{section.2}% 9
\BOOKMARK [3][-]{subsubsection.2.3.1}{\376\377\173\054\116\000\174\173\215\205\133\374\117\123\377\010\217\157\215\205\133\374\117\123\377\011}{subsection.2.3}% 10
\BOOKMARK [3][-]{subsubsection.2.3.2}{\376\377\173\054\116\214\174\173\215\205\133\374\117\123\377\010\170\154\215\205\133\374\117\123\377\011}{subsection.2.3}% 11
\BOOKMARK [2][-]{subsection.2.4}{\376\377\116\064\165\114\156\051\136\246\155\113\221\317\123\237\164\006\377\010\126\333\172\357\154\325\377\011}{section.2}% 12
\BOOKMARK [1][-]{section.3}{\376\377\133\236\232\214}{}% 13
\BOOKMARK [2][-]{subsection.3.1}{\376\377\133\236\232\214\116\352\126\150}{section.3}% 14
\BOOKMARK [3][-]{subsubsection.3.1.1}{\376\377\232\330\156\051\215\205\133\374\150\067\124\301}{subsection.3.1}% 15
\BOOKMARK [3][-]{subsubsection.3.1.2}{\376\377\155\262\154\056\117\116\156\051\140\122\156\051\174\373\176\337}{subsection.3.1}% 16
\BOOKMARK [3][-]{subsubsection.3.1.3}{\376\377\126\333\137\025\176\277\165\065\155\113\221\317\213\276\131\007}{subsection.3.1}% 17
\BOOKMARK [3][-]{subsubsection.3.1.4}{\376\377\170\301\140\254\155\156\122\233\155\113\221\317\213\276\131\007}{subsection.3.1}% 18
\BOOKMARK [2][-]{subsection.3.2}{\376\377\133\236\232\214\145\271\154\325}{section.3}% 19
\BOOKMARK [3][-]{subsubsection.3.2.1}{\376\377\156\051\136\246\142\153\143\317\220\037\163\207\143\247\122\066}{subsection.3.2}% 20
\BOOKMARK [3][-]{subsubsection.3.2.2}{\376\377\226\366\127\072\121\267\377\010\000Z\000F\000C\377\011\116\016\127\072\121\267\377\010\000F\000C\377\011}{subsection.3.2}% 21
\BOOKMARK [1][-]{section.4}{\376\377\176\323\147\234\116\016\122\006\147\220\213\250\213\272}{}% 22
\BOOKMARK [2][-]{subsection.4.1}{\376\377\000R\000-\000T\000\040\215\205\133\374\217\154\123\330\146\362\176\277\176\330\122\066\116\016\116\064\165\114\156\051\136\246\170\156\133\232}{section.4}% 23
\BOOKMARK [2][-]{subsection.4.2}{\376\377\170\301\140\254\155\156\122\233\155\113\221\317}{section.4}% 24
\BOOKMARK [3][-]{subsubsection.4.2.1}{\376\377\000Z\000F\000C}{subsection.4.2}% 25
\BOOKMARK [3][-]{subsubsection.4.2.2}{\376\377\000F\000C}{subsection.4.2}% 26
\BOOKMARK [1][-]{section.5}{\376\377\140\073\176\323}{}% 27
