\BOOKMARK [1][-]{section.1}{\376\377\137\025\212\000}{}% 1
\BOOKMARK [1][-]{section.2}{\376\377\123\237\164\006}{}% 2
\BOOKMARK [2][-]{subsection.2.1}{\376\377\000R\000b\000\040\123\237\133\120\127\372\140\001\123\312\147\000\117\116\157\300\123\321\140\001\200\375\176\247}{section.2}% 3
\BOOKMARK [2][-]{subsection.2.2}{\376\377\121\111\142\275\217\320\145\110\136\224\166\204\162\151\164\006\217\307\172\013}{section.2}% 4
\BOOKMARK [2][-]{subsection.2.3}{\376\377\000Z\000e\000e\000m\000a\000n\000\040\133\120\200\375\176\247\116\113\225\364\166\204\170\301\121\161\143\057}{section.2}% 5
\BOOKMARK [2][-]{subsection.2.4}{\376\377\116\352\126\150\123\237\164\006}{section.2}% 6
\BOOKMARK [3][-]{subsubsection.2.4.1}{\376\377\120\117\143\057\121\111\166\204\203\267\123\326}{subsection.2.4}% 7
\BOOKMARK [3][-]{subsubsection.2.4.2}{\376\377\170\301\127\072\166\204\143\247\122\066}{subsection.2.4}% 8
\BOOKMARK [1][-]{section.3}{\376\377\133\236\232\214}{}% 9
\BOOKMARK [2][-]{subsection.3.1}{\376\377\133\236\232\214\116\352\126\150}{section.3}% 10
\BOOKMARK [3][-]{subsubsection.3.1.1}{\376\377\000R\000b\123\237\133\120\121\111\214\061\160\157\116\016\150\067\124\301\154\341}{subsection.3.1}% 11
\BOOKMARK [3][-]{subsubsection.3.1.2}{\376\377\127\006\120\117\143\057\121\111\123\321\165\037\126\150}{subsection.3.1}% 12
\BOOKMARK [3][-]{subsubsection.3.1.3}{\376\377\136\162\155\211\156\344\121\111\162\107\116\016\220\017\225\134\176\304}{subsection.3.1}% 13
\BOOKMARK [3][-]{subsubsection.3.1.4}{\376\377\127\072\117\341\123\367\123\321\165\037\126\150}{subsection.3.1}% 14
\BOOKMARK [3][-]{subsubsection.3.1.5}{\376\377\117\341\123\367\143\242\155\113\116\016\146\076\171\072}{subsection.3.1}% 15
\BOOKMARK [2][-]{subsection.3.2}{\376\377\133\236\232\214\144\315\117\134\123\312\116\073\211\201\121\205\133\271}{section.3}% 16
\BOOKMARK [1][-]{section.4}{\376\377\176\323\147\234\116\016\122\006\147\220\213\250\213\272}{}% 17
\BOOKMARK [2][-]{subsection.4.1}{\376\377\121\111\142\275\217\320\117\341\123\367}{section.4}% 18
\BOOKMARK [2][-]{subsection.4.2}{\376\377\170\301\121\161\143\057\117\341\123\367}{section.4}% 19
\BOOKMARK [1][-]{section.5}{\376\377\140\073\176\323}{}% 20
