\BOOKMARK [1][-]{section.1}{\376\377\137\025\212\000}{}% 1
\BOOKMARK [1][-]{section.2}{\376\377\123\237\164\006}{}% 2
\BOOKMARK [2][-]{subsection.2.1}{\376\377\000B\000o\000h\000r\166\204\123\237\133\120\152\041\127\213}{section.2}% 3
\BOOKMARK [2][-]{subsection.2.2}{\376\377\154\042\060\001\154\030\214\061\176\277\166\204\167\037\172\172\154\342\225\177\164\006\213\272\120\074}{section.2}% 4
\BOOKMARK [2][-]{subsection.2.3}{\376\377\167\037\172\172\117\356\153\143}{section.2}% 5
\BOOKMARK [2][-]{subsection.2.4}{\376\377\133\236\232\214\122\006\121\111\123\237\164\006}{section.2}% 6
\BOOKMARK [1][-]{section.3}{\376\377\133\236\232\214}{}% 7
\BOOKMARK [2][-]{subsection.3.1}{\376\377\133\236\232\214\121\205\133\271}{section.3}% 8
\BOOKMARK [2][-]{subsection.3.2}{\376\377\133\236\232\214\116\352\126\150}{section.3}% 9
\BOOKMARK [3][-]{subsubsection.3.2.1}{\376\377\121\111\133\146\131\032\202\162\116\352}{subsection.3.2}% 10
\BOOKMARK [3][-]{subsubsection.3.2.2}{\376\377\000C\000C\000D}{subsection.3.2}% 11
\BOOKMARK [3][-]{subsubsection.3.2.3}{\376\377\000P\000M\000T}{subsection.3.2}% 12
\BOOKMARK [2][-]{subsection.3.3}{\376\377\133\236\232\214\133\232\150\007}{section.3}% 13
\BOOKMARK [1][-]{section.4}{\376\377\176\323\147\234\116\016\122\006\147\220\213\250\213\272}{}% 14
\BOOKMARK [2][-]{subsection.4.1}{\376\377\000C\000C\000D\155\113\221\317}{section.4}% 15
\BOOKMARK [3][-]{subsubsection.4.1.1}{\376\377\000n\000=\0003\214\061\176\277}{subsection.4.1}% 16
\BOOKMARK [3][-]{subsubsection.4.1.2}{\376\377\000n\000=\0004\214\061\176\277}{subsection.4.1}% 17
\BOOKMARK [3][-]{subsubsection.4.1.3}{\376\377\000n\000=\0005\214\061\176\277}{subsection.4.1}% 18
\BOOKMARK [3][-]{subsubsection.4.1.4}{\376\377\000n\000=\0006\214\061\176\277}{subsection.4.1}% 19
\BOOKMARK [2][-]{subsection.4.2}{\376\377\000P\000M\000T\155\113\221\317}{section.4}% 20
\BOOKMARK [2][-]{subsection.4.3}{\376\377\000R\000y\000d\000b\000e\000r\000g\136\070\145\160}{section.4}% 21
\BOOKMARK [2][-]{subsection.4.4}{\376\377\000H\166\204\200\375\176\247\126\376}{section.4}% 22
\BOOKMARK [2][-]{subsection.4.5}{\376\377\165\065\133\120\116\016\215\050\133\120\166\204\215\050\221\317\153\324}{section.4}% 23
\BOOKMARK [1][-]{section.5}{\376\377\140\073\176\323}{}% 24
