\BOOKMARK [1][-]{section.1}{\376\377\137\025\212\000}{}% 1
\BOOKMARK [1][-]{section.2}{\376\377\123\237\164\006}{}% 2
\BOOKMARK [2][-]{subsection.2.1}{\376\377\157\300\121\111\166\204\116\247\165\037}{section.2}% 3
\BOOKMARK [3][-]{subsubsection.2.1.1}{\376\377\123\327\157\300\217\220\134\004\116\016\174\222\133\120\145\160\123\315\217\154}{subsection.2.1}% 4
\BOOKMARK [3][-]{subsubsection.2.1.2}{\376\377\116\313\215\050\130\236\166\312\143\137\200\027\166\204\125\057\214\141\143\317\217\360}{subsection.2.1}% 5
\BOOKMARK [2][-]{subsection.2.2}{\376\377\157\300\121\111\152\041\137\017}{section.2}% 6
\BOOKMARK [3][-]{subsubsection.2.2.1}{\376\377\176\265\152\041}{subsection.2.2}% 7
\BOOKMARK [3][-]{subsubsection.2.2.2}{\376\377\152\052\152\041}{subsection.2.2}% 8
\BOOKMARK [1][-]{section.3}{\376\377\133\236\232\214}{}% 9
\BOOKMARK [2][-]{subsection.3.1}{\376\377\133\236\232\214\116\352\126\150\123\237\164\006}{section.3}% 10
\BOOKMARK [3][-]{subsubsection.3.1.1}{\376\377\000H\000e\000-\000N\000e\000\040\157\300\121\111\126\150\123\237\164\006}{subsection.3.1}% 11
\BOOKMARK [3][-]{subsubsection.3.1.2}{\376\377\167\363\202\361\146\166\117\123\133\371\157\300\121\111\152\041\137\017\166\204\137\161\124\315}{subsection.3.1}% 12
\BOOKMARK [3][-]{subsubsection.3.1.3}{\376\377\121\161\161\046\164\003\227\142\142\153\143\317\136\162\155\211\116\352}{subsection.3.1}% 13
\BOOKMARK [2][-]{subsection.3.2}{\376\377\133\236\232\214\145\271\154\325}{section.3}% 14
\BOOKMARK [1][-]{section.4}{\376\377\176\323\147\234\116\016\122\006\147\220\213\250\213\272}{}% 15
\BOOKMARK [2][-]{subsection.4.1}{\376\377\116\044\150\071\154\046\154\026\157\300\121\111\173\241\166\204\152\041\214\061\122\006\136\003\166\204\155\113\221\317}{section.4}% 16
\BOOKMARK [3][-]{subsubsection.4.1.1}{\376\377\164\006\213\272\116\016\133\236\232\214\145\160\143\156\133\371\153\324}{subsection.4.1}% 17
\BOOKMARK [3][-]{subsubsection.4.1.2}{\376\377\167\355\173\241\176\265\152\041\225\364\226\224\166\204\155\113\133\232}{subsection.4.1}% 18
\BOOKMARK [3][-]{subsubsection.4.1.3}{\376\377\225\177\173\241\176\265\152\041\116\016\152\052\152\041\225\364\226\224\166\204\155\113\133\232}{subsection.4.1}% 19
\BOOKMARK [2][-]{subsection.4.2}{\376\377\211\302\155\113\154\046\154\026\157\300\121\111\126\150\166\204\176\265\152\041\122\006\210\302\124\214\152\041\172\336\116\211}{section.4}% 20
\BOOKMARK [3][-]{subsubsection.4.2.1}{\376\377\121\372\121\111\136\046\133\275\000\040\000L\000\040\166\204\155\113\221\317}{subsection.4.2}% 21
\BOOKMARK [3][-]{subsubsection.4.2.2}{\376\377\176\265\152\041\122\006\210\302\225\364\215\335\000\040\000s\000p\000l\000i\000t\000\040\166\204\155\113\133\232}{subsection.4.2}% 22
\BOOKMARK [3][-]{subsubsection.4.2.3}{\376\377\176\265\152\041\122\006\210\302\124\016\166\204\120\117\143\057\121\163\174\373\122\006\147\220}{subsection.4.2}% 23
\BOOKMARK [1][-]{section.5}{\376\377\140\073\176\323}{}% 24
